16:47:12 **** Incremental Build of configuration Debug for project Toggel_Led ****
make -j8 all 
arm-none-eabi-gcc "../Src/main.c" -mcpu=cortex-m3 -std=gnu11 -g3 -DSTM32 -DSTM32F1 -DSTM32F103C6Tx -DDEBUG -c -I../Inc -O0 -ffunction-sections -fdata-sections -Wall -fstack-usage -MMD -MP -MF"Src/main.d" -MT"Src/main.o" --specs=nano.specs -mfloat-abi=soft -mthumb -o "Src/main.o"
arm-none-eabi-gcc -o "Toggel_Led.elf" @"objects.list"   -mcpu=cortex-m3 -T"E:\KEROLOS_Diploma\Embedded_Repo\Embedded_system_online_diploma\Interface\Unit6-MCU-Fundamentals\Lesson3-MCU-Clks\Toggel_Led\STM32F103C6TX_FLASH.ld" --specs=nosys.specs -Wl,-Map="Toggel_Led.map" -Wl,--gc-sections -static --specs=nano.specs -mfloat-abi=soft -mthumb -Wl,--start-group -lc -lm -Wl,--end-group
Finished building target: Toggel_Led.elf
 
arm-none-eabi-objdump -h -S  Toggel_Led.elf  > "Toggel_Led.list"
arm-none-eabi-objcopy  -O binary  Toggel_Led.elf  "Toggel_Led.bin"
arm-none-eabi-size   Toggel_Led.elf 
   text	   data	    bss	    dec	    hex	filename
    740	      8	   1568	   2316	    90c	Toggel_Led.elf
Finished building: default.size.stdout
 
Finished building: Toggel_Led.bin
Finished building: Toggel_Led.list
 
 
